../Drivers/CMSIS/Include/core_cm4.h:2064:26:ITM_SendChar	16	static,ignoring_inline_asm
../Core/Src/main.c:63:5:__io_putchar	16	static
../Core/Src/main.c:69:6:HAL_TIM_PeriodElapsedCallback	16	static
../Core/Src/main.c:122:5:main	32	static
../Core/Src/main.c:230:6:SystemClock_Config	88	static
../Core/Src/main.c:276:13:MX_TIM3_Init	32	static
../Core/Src/main.c:321:13:MX_USART3_UART_Init	8	static
../Core/Src/main.c:354:13:MX_GPIO_Init	64	static
../Core/Src/main.c:483:6:Error_Handler	4	static,ignoring_inline_asm
