../Core/Src/main.c:72:5:_write	24	static
../Core/Src/main.c:88:16:platform_write	48	static
../Core/Src/main.c:94:16:platform_read	48	static
../Core/Src/main.c:105:5:main	120	static
../Core/Src/main.c:194:6:SystemClock_Config	96	static
../Core/Src/main.c:240:13:MX_I2C1_Init	8	static
../Core/Src/main.c:288:13:MX_USART2_UART_Init	8	static
../Core/Src/main.c:323:13:MX_GPIO_Init	56	static
../Core/Src/main.c:376:6:StartDefaultTask	16	static
../Core/Src/main.c:394:6:StartVisualTask	32	static
../Core/Src/main.c:429:6:StartAcceleroTask	40	static
../Core/Src/main.c:483:6:HAL_TIM_PeriodElapsedCallback	16	static
../Core/Src/main.c:500:6:Error_Handler	8	static,ignoring_inline_asm
